../Core/Src/main.c:514:13:MX_GPIO_Init	56	static
../Core/Src/main.c:679:6:SensorErrorCheck	48	static
../Core/Src/main.c:756:6:RiskCheck	0	static
../Core/Src/main.c:794:6:HAL_I2C_SlaveRxCpltCallback	0	static
../Core/Src/main.c:807:6:HAL_I2C_SlaveTxCpltCallback	0	static
../Core/Src/main.c:820:6:Error_Handler	0	static,ignoring_inline_asm
../Core/Src/main.c:343:13:MX_ADC1_Init	64	static
../Core/Src/main.c:409:13:MX_ADC2_Init	40	static
../Core/Src/main.c:466:13:MX_I2C1_Init	8	static
../Core/Src/main.c:296:6:SystemClock_Config	96	static
../Core/Src/main.c:576:6:ReconfigChannel	32	static
../Core/Src/main.c:602:6:ProcessI2CPacket	16	static
../Core/Src/main.c:109:5:main	144	static
