../Core/Src/hts221.c:49:20:cs_assert	8	static
../Core/Src/hts221.c:54:20:cs_deassert	8	static
../Core/Src/hts221.c:77:13:spi_write_regs	32	static
../Core/Src/hts221.c:127:13:spi_read_regs	32	static
../Core/Src/hts221.c:172:16:spi_read_reg	24	static
../Core/Src/hts221.c:186:13:spi_modify_reg	24	static
../Core/Src/hts221.c:198:13:fetch_temp_calibration	24	static
../Core/Src/hts221.c:228:13:fetch_humidity_calibration	24	static
../Core/Src/hts221.c:257:14:apply_temp_correction	24	static
../Core/Src/hts221.c:275:14:apply_humidity_correction	32	static
../Core/Src/hts221.c:292:6:HTS221_Init	16	static
../Core/Src/hts221.c:318:6:HTS221_Boot	24	static
../Core/Src/hts221.c:330:6:HTS221_SetActive	16	static
../Core/Src/hts221.c:336:6:HTS221_SetDataRate	16	static
../Core/Src/hts221.c:342:15:HTS221_GetDataRate	16	static
../Core/Src/hts221.c:347:6:HTS221_DrdyActiveLow	16	static
../Core/Src/hts221.c:353:6:HTS221_DrdyIntEnabled	16	static
../Core/Src/hts221.c:359:6:HTS221_Read	24	static
