../Core/Src/main.c:86:5:main	88	static
../Core/Src/main.c:234:6:SystemClock_Config	96	static
../Core/Src/main.c:281:13:MX_ADC1_Init	48	static
../Core/Src/main.c:347:13:MX_ADC2_Init	32	static
../Core/Src/main.c:404:13:MX_I2C1_Init	8	static
../Core/Src/main.c:452:13:MX_GPIO_Init	40	static
../Core/Src/main.c:513:6:ProcessI2CPacket	24	static
../Core/Src/main.c:533:6:HAL_I2C_SlaveRxCpltCallback	16	static
../Core/Src/main.c:546:6:HAL_I2C_SlaveTxCpltCallback	16	static
../Core/Src/main.c:556:6:HAL_I2C_ErrorCallback	16	static
../Core/Src/main.c:571:6:Error_Handler	4	static,ignoring_inline_asm
